{"level":"INFO","time":"2024-05-20T09:53:33.484+0300","caller":"logger/logger.go:42","msg":"Starting the application..."}
{"level":"INFO","time":"2024-05-20T10:53:32.025+0300","caller":"logger/logger.go:42","msg":"Starting the application..."}
{"level":"INFO","time":"2024-05-20T10:53:32.027+0300","caller":"logger/logger.go:42","msg":"Connecting to database..."}
{"level":"INFO","time":"2024-05-20T10:53:32.027+0300","caller":"logger/logger.go:42","msg":"Database connected successfully"}
{"level":"INFO","time":"2024-05-20T10:53:32.027+0300","caller":"logger/logger.go:42","msg":"Initializing routers..."}
{"level":"INFO","time":"2024-05-20T11:32:25.771+0300","caller":"logger/logger.go:42","msg":"Starting the application..."}
{"level":"INFO","time":"2024-05-20T11:32:25.772+0300","caller":"logger/logger.go:42","msg":"Connecting to database..."}
{"level":"INFO","time":"2024-05-20T11:32:25.772+0300","caller":"logger/logger.go:42","msg":"Database connected successfully"}
{"level":"INFO","time":"2024-05-20T11:32:25.772+0300","caller":"logger/logger.go:42","msg":"Initializing routers..."}
{"level":"INFO","time":"2024-05-20T11:36:47.609+0300","caller":"logger/logger.go:42","msg":"Starting the application..."}
{"level":"INFO","time":"2024-05-20T11:36:47.611+0300","caller":"logger/logger.go:42","msg":"Connecting to database..."}
{"level":"INFO","time":"2024-05-20T11:36:47.612+0300","caller":"logger/logger.go:42","msg":"Database connected successfully"}
{"level":"INFO","time":"2024-05-20T11:36:47.612+0300","caller":"logger/logger.go:42","msg":"Initializing routers..."}
{"level":"ERROR","time":"2024-05-20T11:36:56.487+0300","caller":"logger/logger.go:52","msg":"failed to count users by username: ","error":"dial tcp: lookup db: no such host","stacktrace":"weblineBackend/pkg/logger.Error\n\t/Users/geraldbahati/Desktop/weblineBackend/pkg/logger/logger.go:52\nweblineBackend/internal/repository.(*UserRepository).CountUsersByUsername\n\t/Users/geraldbahati/Desktop/weblineBackend/internal/repository/userRepository.go:323\nweblineBackend/internal/services.generateUsername\n\t/Users/geraldbahati/Desktop/weblineBackend/internal/services/userService.go:84\nweblineBackend/internal/services.(*UserService).CreateUser\n\t/Users/geraldbahati/Desktop/weblineBackend/internal/services/userService.go:34\nweblineBackend/internal/handlers.(*UserHandler).RegisterUser\n\t/Users/geraldbahati/Desktop/weblineBackend/internal/handlers/userHandler.go:32\nnet/http.HandlerFunc.ServeHTTP\n\t/Users/geraldbahati/go/go1.22.3/src/net/http/server.go:2166\nweblineBackend/internal/middleware.CORS.func1\n\t/Users/geraldbahati/Desktop/weblineBackend/internal/middleware/cors.go:45\nnet/http.HandlerFunc.ServeHTTP\n\t/Users/geraldbahati/go/go1.22.3/src/net/http/server.go:2166\ngithub.com/gorilla/mux.(*Router).ServeHTTP\n\t/Users/geraldbahati/go/pkg/mod/github.com/gorilla/mux@v1.8.1/mux.go:212\nnet/http.serverHandler.ServeHTTP\n\t/Users/geraldbahati/go/go1.22.3/src/net/http/server.go:3137\nnet/http.(*conn).serve\n\t/Users/geraldbahati/go/go1.22.3/src/net/http/server.go:2039"}
{"level":"INFO","time":"2024-05-20T11:38:21.326+0300","caller":"logger/logger.go:42","msg":"Starting the application..."}
{"level":"INFO","time":"2024-05-20T11:38:21.327+0300","caller":"logger/logger.go:42","msg":"Connecting to database..."}
{"level":"INFO","time":"2024-05-20T11:38:21.327+0300","caller":"logger/logger.go:42","msg":"Database connected successfully"}
{"level":"INFO","time":"2024-05-20T11:38:21.327+0300","caller":"logger/logger.go:42","msg":"Initializing routers..."}
{"level":"ERROR","time":"2024-05-20T11:38:26.822+0300","caller":"logger/logger.go:52","msg":"failed to count users by username: ","error":"dial tcp: lookup db: no such host","stacktrace":"weblineBackend/pkg/logger.Error\n\t/Users/geraldbahati/Desktop/weblineBackend/pkg/logger/logger.go:52\nweblineBackend/internal/repository.(*UserRepository).CountUsersByUsername\n\t/Users/geraldbahati/Desktop/weblineBackend/internal/repository/userRepository.go:323\nweblineBackend/internal/services.generateUsername\n\t/Users/geraldbahati/Desktop/weblineBackend/internal/services/userService.go:86\nweblineBackend/internal/services.(*UserService).CreateUser\n\t/Users/geraldbahati/Desktop/weblineBackend/internal/services/userService.go:35\nweblineBackend/internal/handlers.(*UserHandler).RegisterUser\n\t/Users/geraldbahati/Desktop/weblineBackend/internal/handlers/userHandler.go:32\nnet/http.HandlerFunc.ServeHTTP\n\t/Users/geraldbahati/go/go1.22.3/src/net/http/server.go:2166\nweblineBackend/internal/middleware.CORS.func1\n\t/Users/geraldbahati/Desktop/weblineBackend/internal/middleware/cors.go:45\nnet/http.HandlerFunc.ServeHTTP\n\t/Users/geraldbahati/go/go1.22.3/src/net/http/server.go:2166\ngithub.com/gorilla/mux.(*Router).ServeHTTP\n\t/Users/geraldbahati/go/pkg/mod/github.com/gorilla/mux@v1.8.1/mux.go:212\nnet/http.serverHandler.ServeHTTP\n\t/Users/geraldbahati/go/go1.22.3/src/net/http/server.go:3137\nnet/http.(*conn).serve\n\t/Users/geraldbahati/go/go1.22.3/src/net/http/server.go:2039"}
{"level":"ERROR","time":"2024-05-20T11:40:00.617+0300","caller":"logger/logger.go:52","msg":"failed to count users by username: ","error":"dial tcp: lookup db: no such host","stacktrace":"weblineBackend/pkg/logger.Error\n\t/Users/geraldbahati/Desktop/weblineBackend/pkg/logger/logger.go:52\nweblineBackend/internal/repository.(*UserRepository).CountUsersByUsername\n\t/Users/geraldbahati/Desktop/weblineBackend/internal/repository/userRepository.go:323\nweblineBackend/internal/services.generateUsername\n\t/Users/geraldbahati/Desktop/weblineBackend/internal/services/userService.go:86\nweblineBackend/internal/services.(*UserService).CreateUser\n\t/Users/geraldbahati/Desktop/weblineBackend/internal/services/userService.go:35\nweblineBackend/internal/handlers.(*UserHandler).RegisterUser\n\t/Users/geraldbahati/Desktop/weblineBackend/internal/handlers/userHandler.go:32\nnet/http.HandlerFunc.ServeHTTP\n\t/Users/geraldbahati/go/go1.22.3/src/net/http/server.go:2166\nweblineBackend/internal/middleware.CORS.func1\n\t/Users/geraldbahati/Desktop/weblineBackend/internal/middleware/cors.go:45\nnet/http.HandlerFunc.ServeHTTP\n\t/Users/geraldbahati/go/go1.22.3/src/net/http/server.go:2166\ngithub.com/gorilla/mux.(*Router).ServeHTTP\n\t/Users/geraldbahati/go/pkg/mod/github.com/gorilla/mux@v1.8.1/mux.go:212\nnet/http.serverHandler.ServeHTTP\n\t/Users/geraldbahati/go/go1.22.3/src/net/http/server.go:3137\nnet/http.(*conn).serve\n\t/Users/geraldbahati/go/go1.22.3/src/net/http/server.go:2039"}
{"level":"ERROR","time":"2024-05-20T11:44:36.110+0300","caller":"logger/logger.go:52","msg":"failed to count users by username: ","error":"dial tcp: lookup db: no such host","stacktrace":"weblineBackend/pkg/logger.Error\n\t/Users/geraldbahati/Desktop/weblineBackend/pkg/logger/logger.go:52\nweblineBackend/internal/repository.(*UserRepository).CountUsersByUsername\n\t/Users/geraldbahati/Desktop/weblineBackend/internal/repository/userRepository.go:323\nweblineBackend/internal/services.generateUsername\n\t/Users/geraldbahati/Desktop/weblineBackend/internal/services/userService.go:86\nweblineBackend/internal/services.(*UserService).CreateUser\n\t/Users/geraldbahati/Desktop/weblineBackend/internal/services/userService.go:35\nweblineBackend/internal/handlers.(*UserHandler).RegisterUser\n\t/Users/geraldbahati/Desktop/weblineBackend/internal/handlers/userHandler.go:32\nnet/http.HandlerFunc.ServeHTTP\n\t/Users/geraldbahati/go/go1.22.3/src/net/http/server.go:2166\nweblineBackend/internal/middleware.CORS.func1\n\t/Users/geraldbahati/Desktop/weblineBackend/internal/middleware/cors.go:45\nnet/http.HandlerFunc.ServeHTTP\n\t/Users/geraldbahati/go/go1.22.3/src/net/http/server.go:2166\ngithub.com/gorilla/mux.(*Router).ServeHTTP\n\t/Users/geraldbahati/go/pkg/mod/github.com/gorilla/mux@v1.8.1/mux.go:212\nnet/http.serverHandler.ServeHTTP\n\t/Users/geraldbahati/go/go1.22.3/src/net/http/server.go:3137\nnet/http.(*conn).serve\n\t/Users/geraldbahati/go/go1.22.3/src/net/http/server.go:2039"}
{"level":"INFO","time":"2024-05-20T11:45:12.675+0300","caller":"logger/logger.go:42","msg":"Starting the application..."}
{"level":"INFO","time":"2024-05-20T11:45:12.676+0300","caller":"logger/logger.go:42","msg":"Connecting to database..."}
{"level":"INFO","time":"2024-05-20T11:45:12.676+0300","caller":"logger/logger.go:42","msg":"Database connected successfully"}
{"level":"INFO","time":"2024-05-20T11:45:12.676+0300","caller":"logger/logger.go:42","msg":"Initializing routers..."}
{"level":"ERROR","time":"2024-05-20T11:45:22.107+0300","caller":"logger/logger.go:52","msg":"failed to count users by username: ","error":"dial tcp: lookup db: no such host","stacktrace":"weblineBackend/pkg/logger.Error\n\t/Users/geraldbahati/Desktop/weblineBackend/pkg/logger/logger.go:52\nweblineBackend/internal/repository.(*UserRepository).CountUsersByUsername\n\t/Users/geraldbahati/Desktop/weblineBackend/internal/repository/userRepository.go:323\nweblineBackend/internal/services.generateUsername\n\t/Users/geraldbahati/Desktop/weblineBackend/internal/services/userService.go:86\nweblineBackend/internal/services.(*UserService).CreateUser\n\t/Users/geraldbahati/Desktop/weblineBackend/internal/services/userService.go:35\nweblineBackend/internal/handlers.(*UserHandler).RegisterUser\n\t/Users/geraldbahati/Desktop/weblineBackend/internal/handlers/userHandler.go:32\nnet/http.HandlerFunc.ServeHTTP\n\t/Users/geraldbahati/go/go1.22.3/src/net/http/server.go:2166\nweblineBackend/internal/middleware.CORS.func1\n\t/Users/geraldbahati/Desktop/weblineBackend/internal/middleware/cors.go:45\nnet/http.HandlerFunc.ServeHTTP\n\t/Users/geraldbahati/go/go1.22.3/src/net/http/server.go:2166\ngithub.com/gorilla/mux.(*Router).ServeHTTP\n\t/Users/geraldbahati/go/pkg/mod/github.com/gorilla/mux@v1.8.1/mux.go:212\nnet/http.serverHandler.ServeHTTP\n\t/Users/geraldbahati/go/go1.22.3/src/net/http/server.go:3137\nnet/http.(*conn).serve\n\t/Users/geraldbahati/go/go1.22.3/src/net/http/server.go:2039"}
{"level":"INFO","time":"2024-05-20T11:47:54.646+0300","caller":"logger/logger.go:42","msg":"Starting the application..."}
{"level":"INFO","time":"2024-05-20T11:47:54.648+0300","caller":"logger/logger.go:42","msg":"Connecting to database..."}
{"level":"INFO","time":"2024-05-20T11:47:54.648+0300","caller":"logger/logger.go:42","msg":"Database connected successfully"}
{"level":"INFO","time":"2024-05-20T11:47:54.648+0300","caller":"logger/logger.go:42","msg":"Initializing routers..."}
{"level":"ERROR","time":"2024-05-20T11:48:01.405+0300","caller":"logger/logger.go:52","msg":"failed to create user: ","error":"begin transaction: dial tcp: lookup db: no such host","stacktrace":"weblineBackend/pkg/logger.Error\n\t/Users/geraldbahati/Desktop/weblineBackend/pkg/logger/logger.go:52\nweblineBackend/internal/repository.(*UserRepository).CreateUser\n\t/Users/geraldbahati/Desktop/weblineBackend/internal/repository/userRepository.go:60\nweblineBackend/internal/services.(*UserService).CreateUser\n\t/Users/geraldbahati/Desktop/weblineBackend/internal/services/userService.go:55\nweblineBackend/internal/handlers.(*UserHandler).RegisterUser\n\t/Users/geraldbahati/Desktop/weblineBackend/internal/handlers/userHandler.go:32\nnet/http.HandlerFunc.ServeHTTP\n\t/Users/geraldbahati/go/go1.22.3/src/net/http/server.go:2166\nweblineBackend/internal/middleware.CORS.func1\n\t/Users/geraldbahati/Desktop/weblineBackend/internal/middleware/cors.go:45\nnet/http.HandlerFunc.ServeHTTP\n\t/Users/geraldbahati/go/go1.22.3/src/net/http/server.go:2166\ngithub.com/gorilla/mux.(*Router).ServeHTTP\n\t/Users/geraldbahati/go/pkg/mod/github.com/gorilla/mux@v1.8.1/mux.go:212\nnet/http.serverHandler.ServeHTTP\n\t/Users/geraldbahati/go/go1.22.3/src/net/http/server.go:3137\nnet/http.(*conn).serve\n\t/Users/geraldbahati/go/go1.22.3/src/net/http/server.go:2039"}
{"level":"INFO","time":"2024-05-20T11:49:00.887+0300","caller":"logger/logger.go:42","msg":"Starting the application..."}
{"level":"INFO","time":"2024-05-20T11:49:00.888+0300","caller":"logger/logger.go:42","msg":"Connecting to database..."}
{"level":"INFO","time":"2024-05-20T11:49:00.888+0300","caller":"logger/logger.go:42","msg":"Database connected successfully"}
{"level":"INFO","time":"2024-05-20T11:49:00.888+0300","caller":"logger/logger.go:42","msg":"Initializing routers..."}
{"level":"INFO","time":"2024-05-20T11:55:16.744+0300","caller":"logger/logger.go:42","msg":"Starting the application..."}
{"level":"INFO","time":"2024-05-20T11:55:16.745+0300","caller":"logger/logger.go:42","msg":"Connecting to database..."}
{"level":"INFO","time":"2024-05-20T11:55:16.745+0300","caller":"logger/logger.go:42","msg":"Database connected successfully"}
{"level":"INFO","time":"2024-05-20T11:55:16.745+0300","caller":"logger/logger.go:42","msg":"Initializing routers..."}
{"level":"INFO","time":"2024-05-20T12:05:06.883+0300","caller":"logger/logger.go:42","msg":"Starting the application..."}
{"level":"INFO","time":"2024-05-20T12:05:06.886+0300","caller":"logger/logger.go:42","msg":"Connecting to database..."}
{"level":"INFO","time":"2024-05-20T12:05:06.886+0300","caller":"logger/logger.go:42","msg":"Database connected successfully"}
{"level":"INFO","time":"2024-05-20T12:05:06.886+0300","caller":"logger/logger.go:42","msg":"Initializing routers..."}
{"level":"INFO","time":"2024-05-20T12:05:44.735+0300","caller":"logger/logger.go:42","msg":"Starting the application..."}
{"level":"INFO","time":"2024-05-20T12:05:44.736+0300","caller":"logger/logger.go:42","msg":"Connecting to database..."}
{"level":"INFO","time":"2024-05-20T12:05:44.736+0300","caller":"logger/logger.go:42","msg":"Database connected successfully"}
{"level":"INFO","time":"2024-05-20T12:05:44.736+0300","caller":"logger/logger.go:42","msg":"Initializing routers..."}
{"level":"INFO","time":"2024-05-20T12:05:56.881+0300","caller":"logger/logger.go:42","msg":"Starting the application..."}
{"level":"INFO","time":"2024-05-20T12:05:56.881+0300","caller":"logger/logger.go:42","msg":"Connecting to database..."}
{"level":"INFO","time":"2024-05-20T12:05:56.881+0300","caller":"logger/logger.go:42","msg":"Database connected successfully"}
{"level":"INFO","time":"2024-05-20T12:05:56.881+0300","caller":"logger/logger.go:42","msg":"Initializing routers..."}
